Archive member included because of file (symbol)

/usr/local/CrossPack-AVR-20131216/lib/gcc/avr/4.8.1/avr25/libgcc.a(_exit.o)
                              /usr/local/CrossPack-AVR-20131216/lib/gcc/avr/4.8.1/../../../../avr/lib/avr25/crttn85.o (exit)
/usr/local/CrossPack-AVR-20131216/lib/gcc/avr/4.8.1/avr25/libgcc.a(_copy_data.o)
                              usbdrv.o (__do_copy_data)
/usr/local/CrossPack-AVR-20131216/lib/gcc/avr/4.8.1/avr25/libgcc.a(_clear_bss.o)
                              main.o (__do_clear_bss)
/usr/local/CrossPack-AVR-20131216/lib/gcc/avr/4.8.1/../../../../avr/lib/avr25/libc.a(rand.o)
                              main.o (rand)
/usr/local/CrossPack-AVR-20131216/lib/gcc/avr/4.8.1/../../../../avr/lib/avr25/libc.a(eerd_byte_attiny85.o)
                              main.o (__eerd_byte_tn85)
/usr/local/CrossPack-AVR-20131216/lib/gcc/avr/4.8.1/../../../../avr/lib/avr25/libc.a(eewr_byte_attiny85.o)
                              main.o (__eewr_byte_tn85)
/usr/local/CrossPack-AVR-20131216/lib/gcc/avr/4.8.1/avr25/libgcc.a(_divmodsi4.o)
                              /usr/local/CrossPack-AVR-20131216/lib/gcc/avr/4.8.1/../../../../avr/lib/avr25/libc.a(rand.o) (__divmodsi4)
/usr/local/CrossPack-AVR-20131216/lib/gcc/avr/4.8.1/avr25/libgcc.a(_negsi2.o)
                              /usr/local/CrossPack-AVR-20131216/lib/gcc/avr/4.8.1/avr25/libgcc.a(_divmodsi4.o) (__negsi2)
/usr/local/CrossPack-AVR-20131216/lib/gcc/avr/4.8.1/avr25/libgcc.a(_mulsidi3.o)
                              /usr/local/CrossPack-AVR-20131216/lib/gcc/avr/4.8.1/../../../../avr/lib/avr25/libc.a(rand.o) (__mulsidi3)
/usr/local/CrossPack-AVR-20131216/lib/gcc/avr/4.8.1/avr25/libgcc.a(_prologue.o)
                              /usr/local/CrossPack-AVR-20131216/lib/gcc/avr/4.8.1/../../../../avr/lib/avr25/libc.a(rand.o) (__prologue_saves__)
/usr/local/CrossPack-AVR-20131216/lib/gcc/avr/4.8.1/avr25/libgcc.a(_epilogue.o)
                              /usr/local/CrossPack-AVR-20131216/lib/gcc/avr/4.8.1/../../../../avr/lib/avr25/libc.a(rand.o) (__epilogue_restores__)
/usr/local/CrossPack-AVR-20131216/lib/gcc/avr/4.8.1/avr25/libgcc.a(_udivmodsi4.o)
                              /usr/local/CrossPack-AVR-20131216/lib/gcc/avr/4.8.1/avr25/libgcc.a(_divmodsi4.o) (__udivmodsi4)
/usr/local/CrossPack-AVR-20131216/lib/gcc/avr/4.8.1/avr25/libgcc.a(_muldi3.o)
                              /usr/local/CrossPack-AVR-20131216/lib/gcc/avr/4.8.1/avr25/libgcc.a(_mulsidi3.o) (__muldi3)

Allocating common symbols
Common symbol       size              file

usbTxBuf            0xb               usbdrv.o
usbTxBuf1           0xb               usbdrv.o
usbDeviceAddr       0x1               usbdrv.o
usbRxToken          0x1               usbdrv.o
usbInputBufOffset   0x1               usbdrv.o
usbMsgPtr           0x2               usbdrv.o
usbRxLen            0x1               usbdrv.o
usbNewDeviceAddr    0x1               usbdrv.o
usbCurrentTok       0x1               usbdrv.o
usbConfiguration    0x1               usbdrv.o
usbRxBuf            0x16              usbdrv.o

Memory Configuration

Name             Origin             Length             Attributes
text             0x00000000         0x00002000         xr
data             0x00800060         0x0000ffa0         rw !x
eeprom           0x00810000         0x00010000         rw !x
fuse             0x00820000         0x00000400         rw !x
lock             0x00830000         0x00000400         rw !x
signature        0x00840000         0x00000400         rw !x
user_signatures  0x00850000         0x00000400         rw !x
*default*        0x00000000         0xffffffff

Linker script and memory map

LOAD /usr/local/CrossPack-AVR-20131216/lib/gcc/avr/4.8.1/../../../../avr/lib/avr25/crttn85.o
LOAD main.o
LOAD oddebug.o
LOAD usbdrv.o
LOAD usbdrvasm.o
START GROUP
LOAD /usr/local/CrossPack-AVR-20131216/lib/gcc/avr/4.8.1/avr25/libgcc.a
LOAD /usr/local/CrossPack-AVR-20131216/lib/gcc/avr/4.8.1/../../../../avr/lib/avr25/libm.a
LOAD /usr/local/CrossPack-AVR-20131216/lib/gcc/avr/4.8.1/../../../../avr/lib/avr25/libc.a
END GROUP

.hash
 *(.hash)

.dynsym
 *(.dynsym)

.dynstr
 *(.dynstr)

.gnu.version
 *(.gnu.version)

.gnu.version_d
 *(.gnu.version_d)

.gnu.version_r
 *(.gnu.version_r)

.rel.init
 *(.rel.init)

.rela.init
 *(.rela.init)

.rel.text
 *(.rel.text)
 *(.rel.text.*)
 *(.rel.gnu.linkonce.t*)

.rela.text
 *(.rela.text)
 *(.rela.text.*)
 *(.rela.gnu.linkonce.t*)

.rel.fini
 *(.rel.fini)

.rela.fini
 *(.rela.fini)

.rel.rodata
 *(.rel.rodata)
 *(.rel.rodata.*)
 *(.rel.gnu.linkonce.r*)

.rela.rodata
 *(.rela.rodata)
 *(.rela.rodata.*)
 *(.rela.gnu.linkonce.r*)

.rel.data
 *(.rel.data)
 *(.rel.data.*)
 *(.rel.gnu.linkonce.d*)

.rela.data
 *(.rela.data)
 *(.rela.data.*)
 *(.rela.gnu.linkonce.d*)

.rel.ctors
 *(.rel.ctors)

.rela.ctors
 *(.rela.ctors)

.rel.dtors
 *(.rel.dtors)

.rela.dtors
 *(.rela.dtors)

.rel.got
 *(.rel.got)

.rela.got
 *(.rela.got)

.rel.bss
 *(.rel.bss)

.rela.bss
 *(.rela.bss)

.rel.plt
 *(.rel.plt)

.rela.plt
 *(.rela.plt)

.text           0x00000000     0x1770
 *(.vectors)
 .vectors       0x00000000       0x1e /usr/local/CrossPack-AVR-20131216/lib/gcc/avr/4.8.1/../../../../avr/lib/avr25/crttn85.o
                0x00000000                __vectors
                0x00000000                __vector_default
 *(.vectors)
 *(.progmem.gcc*)
                0x0000001e                . = ALIGN (0x2)
                0x0000001e                __trampolines_start = .
 *(.trampolines)
 .trampolines   0x0000001e        0x0 linker stubs
 *(.trampolines*)
                0x0000001e                __trampolines_end = .
 *(.progmem*)
 .progmem.data  0x0000001e      0xbdb main.o
                0x0000001e                usbDescriptorHidReport
                0x00000041                attack
 .progmem.data  0x00000bf9       0x56 usbdrv.o
                0x00000bf9                usbDescriptorConfiguration
                0x00000c1b                usbDescriptorDevice
                0x00000c2d                usbDescriptorStringDevice
                0x00000c39                usbDescriptorStringVendor
                0x00000c4b                usbDescriptorString0
                0x00000c50                . = ALIGN (0x2)
 *fill*         0x00000c4f        0x1 
 *(.jumptables)
 *(.jumptables*)
 *(.lowtext)
 *(.lowtext*)
                0x00000c50                __ctors_start = .
 *(.ctors)
                0x00000c50                __ctors_end = .
                0x00000c50                __dtors_start = .
 *(.dtors)
                0x00000c50                __dtors_end = .
 SORT(*)(.ctors)
 SORT(*)(.dtors)
 *(.init0)
 .init0         0x00000c50        0x0 /usr/local/CrossPack-AVR-20131216/lib/gcc/avr/4.8.1/../../../../avr/lib/avr25/crttn85.o
                0x00000c50                __init
 *(.init0)
 *(.init1)
 *(.init1)
 *(.init2)
 .init2         0x00000c50        0xc /usr/local/CrossPack-AVR-20131216/lib/gcc/avr/4.8.1/../../../../avr/lib/avr25/crttn85.o
 *(.init2)
 *(.init3)
 *(.init3)
 *(.init4)
 .init4         0x00000c5c       0x16 /usr/local/CrossPack-AVR-20131216/lib/gcc/avr/4.8.1/avr25/libgcc.a(_copy_data.o)
                0x00000c5c                __do_copy_data
 .init4         0x00000c72       0x10 /usr/local/CrossPack-AVR-20131216/lib/gcc/avr/4.8.1/avr25/libgcc.a(_clear_bss.o)
                0x00000c72                __do_clear_bss
 *(.init4)
 *(.init5)
 *(.init5)
 *(.init6)
 *(.init6)
 *(.init7)
 *(.init7)
 *(.init8)
 *(.init8)
 *(.init9)
 .init9         0x00000c82        0x4 /usr/local/CrossPack-AVR-20131216/lib/gcc/avr/4.8.1/../../../../avr/lib/avr25/crttn85.o
 *(.init9)
 *(.text)
 .text          0x00000c86        0x2 /usr/local/CrossPack-AVR-20131216/lib/gcc/avr/4.8.1/../../../../avr/lib/avr25/crttn85.o
                0x00000c86                __vector_10
                0x00000c86                __bad_interrupt
                0x00000c86                __vector_6
                0x00000c86                __vector_3
                0x00000c86                __vector_11
                0x00000c86                __vector_13
                0x00000c86                __vector_7
                0x00000c86                __vector_5
                0x00000c86                __vector_4
                0x00000c86                __vector_9
                0x00000c86                __vector_2
                0x00000c86                __vector_8
                0x00000c86                __vector_14
                0x00000c86                __vector_12
 .text          0x00000c88       0xd8 main.o
                0x00000c88                usbFunctionSetup
                0x00000cdc                usbEventResetReady
 .text          0x00000d60        0x0 oddebug.o
 .text          0x00000d60      0x288 usbdrv.o
                0x00000d60                usbSetInterrupt
                0x00000da6                usbPoll
                0x00000fd4                usbInit
 .text          0x00000fe8      0x312 usbdrvasm.o
                0x00000fe8                usbCrc16
                0x00001012                usbCrc16Append
                0x0000101a                usbMeasureFrameLength
                0x00001040                __vector_1
 .text          0x000012fa        0x0 /usr/local/CrossPack-AVR-20131216/lib/gcc/avr/4.8.1/avr25/libgcc.a(_exit.o)
 .text          0x000012fa        0x0 /usr/local/CrossPack-AVR-20131216/lib/gcc/avr/4.8.1/avr25/libgcc.a(_copy_data.o)
 .text          0x000012fa        0x0 /usr/local/CrossPack-AVR-20131216/lib/gcc/avr/4.8.1/avr25/libgcc.a(_clear_bss.o)
 .text          0x000012fa        0x0 /usr/local/CrossPack-AVR-20131216/lib/gcc/avr/4.8.1/../../../../avr/lib/avr25/libc.a(rand.o)
 .text          0x000012fa        0x0 /usr/local/CrossPack-AVR-20131216/lib/gcc/avr/4.8.1/../../../../avr/lib/avr25/libc.a(eerd_byte_attiny85.o)
 .text          0x000012fa        0x0 /usr/local/CrossPack-AVR-20131216/lib/gcc/avr/4.8.1/../../../../avr/lib/avr25/libc.a(eewr_byte_attiny85.o)
 .text          0x000012fa        0x0 /usr/local/CrossPack-AVR-20131216/lib/gcc/avr/4.8.1/avr25/libgcc.a(_divmodsi4.o)
 .text          0x000012fa        0x0 /usr/local/CrossPack-AVR-20131216/lib/gcc/avr/4.8.1/avr25/libgcc.a(_negsi2.o)
 .text          0x000012fa        0x0 /usr/local/CrossPack-AVR-20131216/lib/gcc/avr/4.8.1/avr25/libgcc.a(_mulsidi3.o)
 .text          0x000012fa        0x0 /usr/local/CrossPack-AVR-20131216/lib/gcc/avr/4.8.1/avr25/libgcc.a(_prologue.o)
 .text          0x000012fa        0x0 /usr/local/CrossPack-AVR-20131216/lib/gcc/avr/4.8.1/avr25/libgcc.a(_epilogue.o)
 .text          0x000012fa        0x0 /usr/local/CrossPack-AVR-20131216/lib/gcc/avr/4.8.1/avr25/libgcc.a(_udivmodsi4.o)
 .text          0x000012fa        0x0 /usr/local/CrossPack-AVR-20131216/lib/gcc/avr/4.8.1/avr25/libgcc.a(_muldi3.o)
                0x000012fa                . = ALIGN (0x2)
 *(.text.*)
 .text.startup  0x000012fa      0x228 main.o
                0x000012fa                main
 .text.libgcc.mul
                0x00001522        0x0 /usr/local/CrossPack-AVR-20131216/lib/gcc/avr/4.8.1/avr25/libgcc.a(_exit.o)
 .text.libgcc.div
                0x00001522        0x0 /usr/local/CrossPack-AVR-20131216/lib/gcc/avr/4.8.1/avr25/libgcc.a(_exit.o)
 .text.libgcc   0x00001522        0x0 /usr/local/CrossPack-AVR-20131216/lib/gcc/avr/4.8.1/avr25/libgcc.a(_exit.o)
 .text.libgcc.prologue
                0x00001522        0x0 /usr/local/CrossPack-AVR-20131216/lib/gcc/avr/4.8.1/avr25/libgcc.a(_exit.o)
 .text.libgcc.builtins
                0x00001522        0x0 /usr/local/CrossPack-AVR-20131216/lib/gcc/avr/4.8.1/avr25/libgcc.a(_exit.o)
 .text.libgcc.fmul
                0x00001522        0x0 /usr/local/CrossPack-AVR-20131216/lib/gcc/avr/4.8.1/avr25/libgcc.a(_exit.o)
 .text.libgcc.fixed
                0x00001522        0x0 /usr/local/CrossPack-AVR-20131216/lib/gcc/avr/4.8.1/avr25/libgcc.a(_exit.o)
 .text.libgcc.mul
                0x00001522        0x0 /usr/local/CrossPack-AVR-20131216/lib/gcc/avr/4.8.1/avr25/libgcc.a(_copy_data.o)
 .text.libgcc.div
                0x00001522        0x0 /usr/local/CrossPack-AVR-20131216/lib/gcc/avr/4.8.1/avr25/libgcc.a(_copy_data.o)
 .text.libgcc   0x00001522        0x0 /usr/local/CrossPack-AVR-20131216/lib/gcc/avr/4.8.1/avr25/libgcc.a(_copy_data.o)
 .text.libgcc.prologue
                0x00001522        0x0 /usr/local/CrossPack-AVR-20131216/lib/gcc/avr/4.8.1/avr25/libgcc.a(_copy_data.o)
 .text.libgcc.builtins
                0x00001522        0x0 /usr/local/CrossPack-AVR-20131216/lib/gcc/avr/4.8.1/avr25/libgcc.a(_copy_data.o)
 .text.libgcc.fmul
                0x00001522        0x0 /usr/local/CrossPack-AVR-20131216/lib/gcc/avr/4.8.1/avr25/libgcc.a(_copy_data.o)
 .text.libgcc.fixed
                0x00001522        0x0 /usr/local/CrossPack-AVR-20131216/lib/gcc/avr/4.8.1/avr25/libgcc.a(_copy_data.o)
 .text.libgcc.mul
                0x00001522        0x0 /usr/local/CrossPack-AVR-20131216/lib/gcc/avr/4.8.1/avr25/libgcc.a(_clear_bss.o)
 .text.libgcc.div
                0x00001522        0x0 /usr/local/CrossPack-AVR-20131216/lib/gcc/avr/4.8.1/avr25/libgcc.a(_clear_bss.o)
 .text.libgcc   0x00001522        0x0 /usr/local/CrossPack-AVR-20131216/lib/gcc/avr/4.8.1/avr25/libgcc.a(_clear_bss.o)
 .text.libgcc.prologue
                0x00001522        0x0 /usr/local/CrossPack-AVR-20131216/lib/gcc/avr/4.8.1/avr25/libgcc.a(_clear_bss.o)
 .text.libgcc.builtins
                0x00001522        0x0 /usr/local/CrossPack-AVR-20131216/lib/gcc/avr/4.8.1/avr25/libgcc.a(_clear_bss.o)
 .text.libgcc.fmul
                0x00001522        0x0 /usr/local/CrossPack-AVR-20131216/lib/gcc/avr/4.8.1/avr25/libgcc.a(_clear_bss.o)
 .text.libgcc.fixed
                0x00001522        0x0 /usr/local/CrossPack-AVR-20131216/lib/gcc/avr/4.8.1/avr25/libgcc.a(_clear_bss.o)
 .text.avr-libc
                0x00001522       0x9e /usr/local/CrossPack-AVR-20131216/lib/gcc/avr/4.8.1/../../../../avr/lib/avr25/libc.a(rand.o)
                0x0000159e                rand_r
                0x000015a2                rand
                0x000015aa                srand
 .text.avr-libc
                0x000015c0       0x10 /usr/local/CrossPack-AVR-20131216/lib/gcc/avr/4.8.1/../../../../avr/lib/avr25/libc.a(eerd_byte_attiny85.o)
                0x000015c0                __eerd_byte_tn85
 .text.avr-libc
                0x000015d0       0x1c /usr/local/CrossPack-AVR-20131216/lib/gcc/avr/4.8.1/../../../../avr/lib/avr25/libc.a(eewr_byte_attiny85.o)
                0x000015d0                __eewr_byte_tn85
                0x000015d2                __eewr_r18_tn85
 .text.libgcc.mul
                0x000015ec        0x0 /usr/local/CrossPack-AVR-20131216/lib/gcc/avr/4.8.1/avr25/libgcc.a(_divmodsi4.o)
 .text.libgcc.div
                0x000015ec       0x28 /usr/local/CrossPack-AVR-20131216/lib/gcc/avr/4.8.1/avr25/libgcc.a(_divmodsi4.o)
                0x000015ec                __divmodsi4
 .text.libgcc   0x00001614        0x0 /usr/local/CrossPack-AVR-20131216/lib/gcc/avr/4.8.1/avr25/libgcc.a(_divmodsi4.o)
 .text.libgcc.prologue
                0x00001614        0x0 /usr/local/CrossPack-AVR-20131216/lib/gcc/avr/4.8.1/avr25/libgcc.a(_divmodsi4.o)
 .text.libgcc.builtins
                0x00001614        0x0 /usr/local/CrossPack-AVR-20131216/lib/gcc/avr/4.8.1/avr25/libgcc.a(_divmodsi4.o)
 .text.libgcc.fmul
                0x00001614        0x0 /usr/local/CrossPack-AVR-20131216/lib/gcc/avr/4.8.1/avr25/libgcc.a(_divmodsi4.o)
 .text.libgcc.fixed
                0x00001614        0x0 /usr/local/CrossPack-AVR-20131216/lib/gcc/avr/4.8.1/avr25/libgcc.a(_divmodsi4.o)
 .text.libgcc.mul
                0x00001614        0x0 /usr/local/CrossPack-AVR-20131216/lib/gcc/avr/4.8.1/avr25/libgcc.a(_negsi2.o)
 .text.libgcc.div
                0x00001614       0x10 /usr/local/CrossPack-AVR-20131216/lib/gcc/avr/4.8.1/avr25/libgcc.a(_negsi2.o)
                0x00001614                __negsi2
 .text.libgcc   0x00001624        0x0 /usr/local/CrossPack-AVR-20131216/lib/gcc/avr/4.8.1/avr25/libgcc.a(_negsi2.o)
 .text.libgcc.prologue
                0x00001624        0x0 /usr/local/CrossPack-AVR-20131216/lib/gcc/avr/4.8.1/avr25/libgcc.a(_negsi2.o)
 .text.libgcc.builtins
                0x00001624        0x0 /usr/local/CrossPack-AVR-20131216/lib/gcc/avr/4.8.1/avr25/libgcc.a(_negsi2.o)
 .text.libgcc.fmul
                0x00001624        0x0 /usr/local/CrossPack-AVR-20131216/lib/gcc/avr/4.8.1/avr25/libgcc.a(_negsi2.o)
 .text.libgcc.fixed
                0x00001624        0x0 /usr/local/CrossPack-AVR-20131216/lib/gcc/avr/4.8.1/avr25/libgcc.a(_negsi2.o)
 .text.libgcc.mul
                0x00001624       0x3a /usr/local/CrossPack-AVR-20131216/lib/gcc/avr/4.8.1/avr25/libgcc.a(_mulsidi3.o)
                0x00001624                __mulsidi3
                0x00001628                __umulsidi3
 .text.libgcc.div
                0x0000165e        0x0 /usr/local/CrossPack-AVR-20131216/lib/gcc/avr/4.8.1/avr25/libgcc.a(_mulsidi3.o)
 .text.libgcc   0x0000165e        0x0 /usr/local/CrossPack-AVR-20131216/lib/gcc/avr/4.8.1/avr25/libgcc.a(_mulsidi3.o)
 .text.libgcc.prologue
                0x0000165e        0x0 /usr/local/CrossPack-AVR-20131216/lib/gcc/avr/4.8.1/avr25/libgcc.a(_mulsidi3.o)
 .text.libgcc.builtins
                0x0000165e        0x0 /usr/local/CrossPack-AVR-20131216/lib/gcc/avr/4.8.1/avr25/libgcc.a(_mulsidi3.o)
 .text.libgcc.fmul
                0x0000165e        0x0 /usr/local/CrossPack-AVR-20131216/lib/gcc/avr/4.8.1/avr25/libgcc.a(_mulsidi3.o)
 .text.libgcc.fixed
                0x0000165e        0x0 /usr/local/CrossPack-AVR-20131216/lib/gcc/avr/4.8.1/avr25/libgcc.a(_mulsidi3.o)
 .text.libgcc.mul
                0x0000165e        0x0 /usr/local/CrossPack-AVR-20131216/lib/gcc/avr/4.8.1/avr25/libgcc.a(_prologue.o)
 .text.libgcc.div
                0x0000165e        0x0 /usr/local/CrossPack-AVR-20131216/lib/gcc/avr/4.8.1/avr25/libgcc.a(_prologue.o)
 .text.libgcc   0x0000165e        0x0 /usr/local/CrossPack-AVR-20131216/lib/gcc/avr/4.8.1/avr25/libgcc.a(_prologue.o)
 .text.libgcc.prologue
                0x0000165e       0x38 /usr/local/CrossPack-AVR-20131216/lib/gcc/avr/4.8.1/avr25/libgcc.a(_prologue.o)
                0x0000165e                __prologue_saves__
 .text.libgcc.builtins
                0x00001696        0x0 /usr/local/CrossPack-AVR-20131216/lib/gcc/avr/4.8.1/avr25/libgcc.a(_prologue.o)
 .text.libgcc.fmul
                0x00001696        0x0 /usr/local/CrossPack-AVR-20131216/lib/gcc/avr/4.8.1/avr25/libgcc.a(_prologue.o)
 .text.libgcc.fixed
                0x00001696        0x0 /usr/local/CrossPack-AVR-20131216/lib/gcc/avr/4.8.1/avr25/libgcc.a(_prologue.o)
 .text.libgcc.mul
                0x00001696        0x0 /usr/local/CrossPack-AVR-20131216/lib/gcc/avr/4.8.1/avr25/libgcc.a(_epilogue.o)
 .text.libgcc.div
                0x00001696        0x0 /usr/local/CrossPack-AVR-20131216/lib/gcc/avr/4.8.1/avr25/libgcc.a(_epilogue.o)
 .text.libgcc   0x00001696        0x0 /usr/local/CrossPack-AVR-20131216/lib/gcc/avr/4.8.1/avr25/libgcc.a(_epilogue.o)
 .text.libgcc.prologue
                0x00001696       0x36 /usr/local/CrossPack-AVR-20131216/lib/gcc/avr/4.8.1/avr25/libgcc.a(_epilogue.o)
                0x00001696                __epilogue_restores__
 .text.libgcc.builtins
                0x000016cc        0x0 /usr/local/CrossPack-AVR-20131216/lib/gcc/avr/4.8.1/avr25/libgcc.a(_epilogue.o)
 .text.libgcc.fmul
                0x000016cc        0x0 /usr/local/CrossPack-AVR-20131216/lib/gcc/avr/4.8.1/avr25/libgcc.a(_epilogue.o)
 .text.libgcc.fixed
                0x000016cc        0x0 /usr/local/CrossPack-AVR-20131216/lib/gcc/avr/4.8.1/avr25/libgcc.a(_epilogue.o)
 .text.libgcc.mul
                0x000016cc        0x0 /usr/local/CrossPack-AVR-20131216/lib/gcc/avr/4.8.1/avr25/libgcc.a(_udivmodsi4.o)
 .text.libgcc.div
                0x000016cc       0x44 /usr/local/CrossPack-AVR-20131216/lib/gcc/avr/4.8.1/avr25/libgcc.a(_udivmodsi4.o)
                0x000016cc                __udivmodsi4
 .text.libgcc   0x00001710        0x0 /usr/local/CrossPack-AVR-20131216/lib/gcc/avr/4.8.1/avr25/libgcc.a(_udivmodsi4.o)
 .text.libgcc.prologue
                0x00001710        0x0 /usr/local/CrossPack-AVR-20131216/lib/gcc/avr/4.8.1/avr25/libgcc.a(_udivmodsi4.o)
 .text.libgcc.builtins
                0x00001710        0x0 /usr/local/CrossPack-AVR-20131216/lib/gcc/avr/4.8.1/avr25/libgcc.a(_udivmodsi4.o)
 .text.libgcc.fmul
                0x00001710        0x0 /usr/local/CrossPack-AVR-20131216/lib/gcc/avr/4.8.1/avr25/libgcc.a(_udivmodsi4.o)
 .text.libgcc.fixed
                0x00001710        0x0 /usr/local/CrossPack-AVR-20131216/lib/gcc/avr/4.8.1/avr25/libgcc.a(_udivmodsi4.o)
 .text.libgcc.mul
                0x00001710       0x5c /usr/local/CrossPack-AVR-20131216/lib/gcc/avr/4.8.1/avr25/libgcc.a(_muldi3.o)
                0x00001710                __muldi3
 .text.libgcc.div
                0x0000176c        0x0 /usr/local/CrossPack-AVR-20131216/lib/gcc/avr/4.8.1/avr25/libgcc.a(_muldi3.o)
 .text.libgcc   0x0000176c        0x0 /usr/local/CrossPack-AVR-20131216/lib/gcc/avr/4.8.1/avr25/libgcc.a(_muldi3.o)
 .text.libgcc.prologue
                0x0000176c        0x0 /usr/local/CrossPack-AVR-20131216/lib/gcc/avr/4.8.1/avr25/libgcc.a(_muldi3.o)
 .text.libgcc.builtins
                0x0000176c        0x0 /usr/local/CrossPack-AVR-20131216/lib/gcc/avr/4.8.1/avr25/libgcc.a(_muldi3.o)
 .text.libgcc.fmul
                0x0000176c        0x0 /usr/local/CrossPack-AVR-20131216/lib/gcc/avr/4.8.1/avr25/libgcc.a(_muldi3.o)
 .text.libgcc.fixed
                0x0000176c        0x0 /usr/local/CrossPack-AVR-20131216/lib/gcc/avr/4.8.1/avr25/libgcc.a(_muldi3.o)
                0x0000176c                . = ALIGN (0x2)
 *(.fini9)
 .fini9         0x0000176c        0x0 /usr/local/CrossPack-AVR-20131216/lib/gcc/avr/4.8.1/avr25/libgcc.a(_exit.o)
                0x0000176c                exit
                0x0000176c                _exit
 *(.fini9)
 *(.fini8)
 *(.fini8)
 *(.fini7)
 *(.fini7)
 *(.fini6)
 *(.fini6)
 *(.fini5)
 *(.fini5)
 *(.fini4)
 *(.fini4)
 *(.fini3)
 *(.fini3)
 *(.fini2)
 *(.fini2)
 *(.fini1)
 *(.fini1)
 *(.fini0)
 .fini0         0x0000176c        0x4 /usr/local/CrossPack-AVR-20131216/lib/gcc/avr/4.8.1/avr25/libgcc.a(_exit.o)
 *(.fini0)
                0x00001770                _etext = .

.data           0x00800060        0x8 load address 0x00001770
                0x00800060                PROVIDE (__data_start, .)
 *(.data)
 .data          0x00800060        0x0 /usr/local/CrossPack-AVR-20131216/lib/gcc/avr/4.8.1/../../../../avr/lib/avr25/crttn85.o
 .data          0x00800060        0x0 main.o
 .data          0x00800060        0x0 oddebug.o
 .data          0x00800060        0x3 usbdrv.o
                0x00800060                usbTxLen1
                0x00800061                usbTxLen
                0x00800062                usbMsgLen
 .data          0x00800063        0x0 usbdrvasm.o
 .data          0x00800063        0x0 /usr/local/CrossPack-AVR-20131216/lib/gcc/avr/4.8.1/avr25/libgcc.a(_exit.o)
 .data          0x00800063        0x0 /usr/local/CrossPack-AVR-20131216/lib/gcc/avr/4.8.1/avr25/libgcc.a(_copy_data.o)
 .data          0x00800063        0x0 /usr/local/CrossPack-AVR-20131216/lib/gcc/avr/4.8.1/avr25/libgcc.a(_clear_bss.o)
 .data          0x00800063        0x4 /usr/local/CrossPack-AVR-20131216/lib/gcc/avr/4.8.1/../../../../avr/lib/avr25/libc.a(rand.o)
 .data          0x00800067        0x0 /usr/local/CrossPack-AVR-20131216/lib/gcc/avr/4.8.1/../../../../avr/lib/avr25/libc.a(eerd_byte_attiny85.o)
 .data          0x00800067        0x0 /usr/local/CrossPack-AVR-20131216/lib/gcc/avr/4.8.1/../../../../avr/lib/avr25/libc.a(eewr_byte_attiny85.o)
 .data          0x00800067        0x0 /usr/local/CrossPack-AVR-20131216/lib/gcc/avr/4.8.1/avr25/libgcc.a(_divmodsi4.o)
 .data          0x00800067        0x0 /usr/local/CrossPack-AVR-20131216/lib/gcc/avr/4.8.1/avr25/libgcc.a(_negsi2.o)
 .data          0x00800067        0x0 /usr/local/CrossPack-AVR-20131216/lib/gcc/avr/4.8.1/avr25/libgcc.a(_mulsidi3.o)
 .data          0x00800067        0x0 /usr/local/CrossPack-AVR-20131216/lib/gcc/avr/4.8.1/avr25/libgcc.a(_prologue.o)
 .data          0x00800067        0x0 /usr/local/CrossPack-AVR-20131216/lib/gcc/avr/4.8.1/avr25/libgcc.a(_epilogue.o)
 .data          0x00800067        0x0 /usr/local/CrossPack-AVR-20131216/lib/gcc/avr/4.8.1/avr25/libgcc.a(_udivmodsi4.o)
 .data          0x00800067        0x0 /usr/local/CrossPack-AVR-20131216/lib/gcc/avr/4.8.1/avr25/libgcc.a(_muldi3.o)
 *(.data*)
 *(.rodata)
 *(.rodata*)
 *(.gnu.linkonce.d*)
                0x00800068                . = ALIGN (0x2)
 *fill*         0x00800067        0x1 
                0x00800068                _edata = .
                0x00800068                PROVIDE (__data_end, .)

.bss            0x00800068       0x45
                0x00800068                PROVIDE (__bss_start, .)
 *(.bss)
 .bss           0x00800068        0x0 /usr/local/CrossPack-AVR-20131216/lib/gcc/avr/4.8.1/../../../../avr/lib/avr25/crttn85.o
 .bss           0x00800068        0xe main.o
 .bss           0x00800076        0x0 oddebug.o
 .bss           0x00800076        0x2 usbdrv.o
 .bss           0x00800078        0x0 usbdrvasm.o
 .bss           0x00800078        0x0 /usr/local/CrossPack-AVR-20131216/lib/gcc/avr/4.8.1/avr25/libgcc.a(_exit.o)
 .bss           0x00800078        0x0 /usr/local/CrossPack-AVR-20131216/lib/gcc/avr/4.8.1/avr25/libgcc.a(_copy_data.o)
 .bss           0x00800078        0x0 /usr/local/CrossPack-AVR-20131216/lib/gcc/avr/4.8.1/avr25/libgcc.a(_clear_bss.o)
 .bss           0x00800078        0x0 /usr/local/CrossPack-AVR-20131216/lib/gcc/avr/4.8.1/../../../../avr/lib/avr25/libc.a(rand.o)
 .bss           0x00800078        0x0 /usr/local/CrossPack-AVR-20131216/lib/gcc/avr/4.8.1/../../../../avr/lib/avr25/libc.a(eerd_byte_attiny85.o)
 .bss           0x00800078        0x0 /usr/local/CrossPack-AVR-20131216/lib/gcc/avr/4.8.1/../../../../avr/lib/avr25/libc.a(eewr_byte_attiny85.o)
 .bss           0x00800078        0x0 /usr/local/CrossPack-AVR-20131216/lib/gcc/avr/4.8.1/avr25/libgcc.a(_divmodsi4.o)
 .bss           0x00800078        0x0 /usr/local/CrossPack-AVR-20131216/lib/gcc/avr/4.8.1/avr25/libgcc.a(_negsi2.o)
 .bss           0x00800078        0x0 /usr/local/CrossPack-AVR-20131216/lib/gcc/avr/4.8.1/avr25/libgcc.a(_mulsidi3.o)
 .bss           0x00800078        0x0 /usr/local/CrossPack-AVR-20131216/lib/gcc/avr/4.8.1/avr25/libgcc.a(_prologue.o)
 .bss           0x00800078        0x0 /usr/local/CrossPack-AVR-20131216/lib/gcc/avr/4.8.1/avr25/libgcc.a(_epilogue.o)
 .bss           0x00800078        0x0 /usr/local/CrossPack-AVR-20131216/lib/gcc/avr/4.8.1/avr25/libgcc.a(_udivmodsi4.o)
 .bss           0x00800078        0x0 /usr/local/CrossPack-AVR-20131216/lib/gcc/avr/4.8.1/avr25/libgcc.a(_muldi3.o)
 *(.bss*)
 *(COMMON)
 COMMON         0x00800078       0x35 usbdrv.o
                0x00800078                usbTxBuf
                0x00800083                usbTxBuf1
                0x0080008e                usbDeviceAddr
                0x0080008f                usbRxToken
                0x00800090                usbInputBufOffset
                0x00800091                usbMsgPtr
                0x00800093                usbRxLen
                0x00800094                usbNewDeviceAddr
                0x00800095                usbCurrentTok
                0x00800096                usbConfiguration
                0x00800097                usbRxBuf
                0x008000ad                PROVIDE (__bss_end, .)
                0x00001770                __data_load_start = LOADADDR (.data)
                0x00001778                __data_load_end = (__data_load_start + SIZEOF (.data))

.noinit         0x008000ad        0x0
                0x008000ad                PROVIDE (__noinit_start, .)
 *(.noinit*)
                0x008000ad                PROVIDE (__noinit_end, .)
                0x008000ad                _end = .
                0x008000ad                PROVIDE (__heap_start, .)

.eeprom         0x00810000        0x0
 *(.eeprom*)
                0x00810000                __eeprom_end = .

.fuse
 *(.fuse)
 *(.lfuse)
 *(.hfuse)
 *(.efuse)

.lock
 *(.lock*)

.signature
 *(.signature*)

.user_signatures
 *(.user_signatures*)

.stab
 *(.stab)

.stabstr
 *(.stabstr)

.stab.excl
 *(.stab.excl)

.stab.exclstr
 *(.stab.exclstr)

.stab.index
 *(.stab.index)

.stab.indexstr
 *(.stab.indexstr)

.comment        0x00000000       0x11
 *(.comment)
 .comment       0x00000000       0x11 main.o
                                 0x12 (size before relaxing)
 .comment       0x00000000       0x12 oddebug.o
 .comment       0x00000000       0x12 usbdrv.o
 .comment       0x00000000       0x12 /usr/local/CrossPack-AVR-20131216/lib/gcc/avr/4.8.1/../../../../avr/lib/avr25/libc.a(rand.o)

.debug
 *(.debug)

.line
 *(.line)

.debug_srcinfo
 *(.debug_srcinfo)

.debug_sfnames
 *(.debug_sfnames)

.debug_aranges  0x00000000      0x1c0
 *(.debug_aranges)
 .debug_aranges
                0x00000000       0x28 main.o
 .debug_aranges
                0x00000028       0x18 oddebug.o
 .debug_aranges
                0x00000040       0x20 usbdrv.o
 .debug_aranges
                0x00000060       0x20 usbdrvasm.o
 .debug_aranges
                0x00000080       0x20 /usr/local/CrossPack-AVR-20131216/lib/gcc/avr/4.8.1/avr25/libgcc.a(_exit.o)
 .debug_aranges
                0x000000a0       0x20 /usr/local/CrossPack-AVR-20131216/lib/gcc/avr/4.8.1/avr25/libgcc.a(_copy_data.o)
 .debug_aranges
                0x000000c0       0x20 /usr/local/CrossPack-AVR-20131216/lib/gcc/avr/4.8.1/avr25/libgcc.a(_clear_bss.o)
 .debug_aranges
                0x000000e0       0x20 /usr/local/CrossPack-AVR-20131216/lib/gcc/avr/4.8.1/avr25/libgcc.a(_divmodsi4.o)
 .debug_aranges
                0x00000100       0x20 /usr/local/CrossPack-AVR-20131216/lib/gcc/avr/4.8.1/avr25/libgcc.a(_negsi2.o)
 .debug_aranges
                0x00000120       0x20 /usr/local/CrossPack-AVR-20131216/lib/gcc/avr/4.8.1/avr25/libgcc.a(_mulsidi3.o)
 .debug_aranges
                0x00000140       0x20 /usr/local/CrossPack-AVR-20131216/lib/gcc/avr/4.8.1/avr25/libgcc.a(_prologue.o)
 .debug_aranges
                0x00000160       0x20 /usr/local/CrossPack-AVR-20131216/lib/gcc/avr/4.8.1/avr25/libgcc.a(_epilogue.o)
 .debug_aranges
                0x00000180       0x20 /usr/local/CrossPack-AVR-20131216/lib/gcc/avr/4.8.1/avr25/libgcc.a(_udivmodsi4.o)
 .debug_aranges
                0x000001a0       0x20 /usr/local/CrossPack-AVR-20131216/lib/gcc/avr/4.8.1/avr25/libgcc.a(_muldi3.o)

.debug_pubnames
 *(.debug_pubnames)

.debug_info     0x00000000     0x16f5
 *(.debug_info)
 .debug_info    0x00000000      0x6f2 main.o
 .debug_info    0x000006f2       0x56 oddebug.o
 .debug_info    0x00000748      0x7d4 usbdrv.o
 .debug_info    0x00000f1c       0x63 usbdrvasm.o
 .debug_info    0x00000f7f       0xbf /usr/local/CrossPack-AVR-20131216/lib/gcc/avr/4.8.1/avr25/libgcc.a(_exit.o)
 .debug_info    0x0000103e       0xbf /usr/local/CrossPack-AVR-20131216/lib/gcc/avr/4.8.1/avr25/libgcc.a(_copy_data.o)
 .debug_info    0x000010fd       0xbf /usr/local/CrossPack-AVR-20131216/lib/gcc/avr/4.8.1/avr25/libgcc.a(_clear_bss.o)
 .debug_info    0x000011bc       0xbf /usr/local/CrossPack-AVR-20131216/lib/gcc/avr/4.8.1/avr25/libgcc.a(_divmodsi4.o)
 .debug_info    0x0000127b       0xbf /usr/local/CrossPack-AVR-20131216/lib/gcc/avr/4.8.1/avr25/libgcc.a(_negsi2.o)
 .debug_info    0x0000133a       0xbf /usr/local/CrossPack-AVR-20131216/lib/gcc/avr/4.8.1/avr25/libgcc.a(_mulsidi3.o)
 .debug_info    0x000013f9       0xbf /usr/local/CrossPack-AVR-20131216/lib/gcc/avr/4.8.1/avr25/libgcc.a(_prologue.o)
 .debug_info    0x000014b8       0xbf /usr/local/CrossPack-AVR-20131216/lib/gcc/avr/4.8.1/avr25/libgcc.a(_epilogue.o)
 .debug_info    0x00001577       0xbf /usr/local/CrossPack-AVR-20131216/lib/gcc/avr/4.8.1/avr25/libgcc.a(_udivmodsi4.o)
 .debug_info    0x00001636       0xbf /usr/local/CrossPack-AVR-20131216/lib/gcc/avr/4.8.1/avr25/libgcc.a(_muldi3.o)
 *(.gnu.linkonce.wi.*)

.debug_abbrev   0x00000000      0x6cb
 *(.debug_abbrev)
 .debug_abbrev  0x00000000      0x317 main.o
 .debug_abbrev  0x00000317       0x26 oddebug.o
 .debug_abbrev  0x0000033d      0x2b2 usbdrv.o
 .debug_abbrev  0x000005ef       0x14 usbdrvasm.o
 .debug_abbrev  0x00000603       0x14 /usr/local/CrossPack-AVR-20131216/lib/gcc/avr/4.8.1/avr25/libgcc.a(_exit.o)
 .debug_abbrev  0x00000617       0x14 /usr/local/CrossPack-AVR-20131216/lib/gcc/avr/4.8.1/avr25/libgcc.a(_copy_data.o)
 .debug_abbrev  0x0000062b       0x14 /usr/local/CrossPack-AVR-20131216/lib/gcc/avr/4.8.1/avr25/libgcc.a(_clear_bss.o)
 .debug_abbrev  0x0000063f       0x14 /usr/local/CrossPack-AVR-20131216/lib/gcc/avr/4.8.1/avr25/libgcc.a(_divmodsi4.o)
 .debug_abbrev  0x00000653       0x14 /usr/local/CrossPack-AVR-20131216/lib/gcc/avr/4.8.1/avr25/libgcc.a(_negsi2.o)
 .debug_abbrev  0x00000667       0x14 /usr/local/CrossPack-AVR-20131216/lib/gcc/avr/4.8.1/avr25/libgcc.a(_mulsidi3.o)
 .debug_abbrev  0x0000067b       0x14 /usr/local/CrossPack-AVR-20131216/lib/gcc/avr/4.8.1/avr25/libgcc.a(_prologue.o)
 .debug_abbrev  0x0000068f       0x14 /usr/local/CrossPack-AVR-20131216/lib/gcc/avr/4.8.1/avr25/libgcc.a(_epilogue.o)
 .debug_abbrev  0x000006a3       0x14 /usr/local/CrossPack-AVR-20131216/lib/gcc/avr/4.8.1/avr25/libgcc.a(_udivmodsi4.o)
 .debug_abbrev  0x000006b7       0x14 /usr/local/CrossPack-AVR-20131216/lib/gcc/avr/4.8.1/avr25/libgcc.a(_muldi3.o)

.debug_line     0x00000000      0x95e
 *(.debug_line)
 .debug_line    0x00000000      0x1c7 main.o
 .debug_line    0x000001c7       0x1a oddebug.o
 .debug_line    0x000001e1      0x177 usbdrv.o
 .debug_line    0x00000358      0x1f0 usbdrvasm.o
 .debug_line    0x00000548       0x58 /usr/local/CrossPack-AVR-20131216/lib/gcc/avr/4.8.1/avr25/libgcc.a(_exit.o)
 .debug_line    0x000005a0       0x61 /usr/local/CrossPack-AVR-20131216/lib/gcc/avr/4.8.1/avr25/libgcc.a(_copy_data.o)
 .debug_line    0x00000601       0x5e /usr/local/CrossPack-AVR-20131216/lib/gcc/avr/4.8.1/avr25/libgcc.a(_clear_bss.o)
 .debug_line    0x0000065f       0x6a /usr/local/CrossPack-AVR-20131216/lib/gcc/avr/4.8.1/avr25/libgcc.a(_divmodsi4.o)
 .debug_line    0x000006c9       0x58 /usr/local/CrossPack-AVR-20131216/lib/gcc/avr/4.8.1/avr25/libgcc.a(_negsi2.o)
 .debug_line    0x00000721       0x6c /usr/local/CrossPack-AVR-20131216/lib/gcc/avr/4.8.1/avr25/libgcc.a(_mulsidi3.o)
 .debug_line    0x0000078d       0x74 /usr/local/CrossPack-AVR-20131216/lib/gcc/avr/4.8.1/avr25/libgcc.a(_prologue.o)
 .debug_line    0x00000801       0x73 /usr/local/CrossPack-AVR-20131216/lib/gcc/avr/4.8.1/avr25/libgcc.a(_epilogue.o)
 .debug_line    0x00000874       0x78 /usr/local/CrossPack-AVR-20131216/lib/gcc/avr/4.8.1/avr25/libgcc.a(_udivmodsi4.o)
 .debug_line    0x000008ec       0x72 /usr/local/CrossPack-AVR-20131216/lib/gcc/avr/4.8.1/avr25/libgcc.a(_muldi3.o)

.debug_frame    0x00000000       0xc0
 *(.debug_frame)
 .debug_frame   0x00000000       0x68 main.o
 .debug_frame   0x00000068       0x58 usbdrv.o

.debug_str      0x00000000      0x553
 *(.debug_str)
 .debug_str     0x00000000      0x327 main.o
                                0x369 (size before relaxing)
 .debug_str     0x00000327       0x14 oddebug.o
                                0x115 (size before relaxing)
 .debug_str     0x0000033b      0x218 usbdrv.o
                                0x425 (size before relaxing)

.debug_loc      0x00000000      0xc12
 *(.debug_loc)
 .debug_loc     0x00000000      0x3fe main.o
 .debug_loc     0x000003fe      0x814 usbdrv.o

.debug_macinfo
 *(.debug_macinfo)

.debug_pubtypes
 *(.debug_pubtypes)

.debug_ranges   0x00000000       0xe8
 *(.debug_ranges)
 .debug_ranges  0x00000000       0x48 main.o
 .debug_ranges  0x00000048       0xa0 usbdrv.o

.debug_macro
 *(.debug_macro)
OUTPUT(uduck.elf elf32-avr)
LOAD linker stubs
